---
source: lexer/lib.rs
expression: "\"a\""
---
[
  {
    "kind": {
      "type": "STRING",
      "value": "a"
    },
    "span": {
      "start": 0,
      "end": 3
    }
  },
  {
    "kind": {
      "type": "EOF"
    },
    "span": {
      "start": 3,
      "end": 4
    }
  }
]
