---
source: lexer/lib.rs
expression: token_vs
---
[
    Token {
        span: Span {
            start: 0,
            end: 3,
        },
        kind: LET,
    },
    Token {
        span: Span {
            start: 4,
            end: 5,
        },
        kind: IDENTIFIER {
            name: "x",
        },
    },
    Token {
        span: Span {
            start: 6,
            end: 7,
        },
        kind: ASSIGN,
    },
    Token {
        span: Span {
            start: 8,
            end: 9,
        },
        kind: INT(
            5,
        ),
    },
    Token {
        span: Span {
            start: 9,
            end: 10,
        },
        kind: EOF,
    },
]
