---
source: lexer/lib.rs
expression: token_vs
---
[
    LET,
    IDENTIFIER(
        "y",
    ),
    ASSIGN,
    TRUE,
    EOF,
]
