---
source: lexer/lib.rs
expression: token_vs
---
[
    Token {
        kind: LBRACE,
        span: Span {
            start: 0,
            end: 1,
        },
    },
    Token {
        kind: STRING(
            "one",
        ),
        span: Span {
            start: 1,
            end: 6,
        },
    },
    Token {
        kind: COLON,
        span: Span {
            start: 6,
            end: 7,
        },
    },
    Token {
        kind: INT(
            1,
        ),
        span: Span {
            start: 8,
            end: 9,
        },
    },
    Token {
        kind: COMMA,
        span: Span {
            start: 9,
            end: 10,
        },
    },
    Token {
        kind: STRING(
            "two",
        ),
        span: Span {
            start: 11,
            end: 16,
        },
    },
    Token {
        kind: COLON,
        span: Span {
            start: 16,
            end: 17,
        },
    },
    Token {
        kind: INT(
            2,
        ),
        span: Span {
            start: 18,
            end: 19,
        },
    },
    Token {
        kind: COMMA,
        span: Span {
            start: 19,
            end: 20,
        },
    },
    Token {
        kind: STRING(
            "three",
        ),
        span: Span {
            start: 21,
            end: 28,
        },
    },
    Token {
        kind: COLON,
        span: Span {
            start: 28,
            end: 29,
        },
    },
    Token {
        kind: INT(
            3,
        ),
        span: Span {
            start: 30,
            end: 31,
        },
    },
    Token {
        kind: RBRACE,
        span: Span {
            start: 31,
            end: 32,
        },
    },
    Token {
        kind: EOF,
        span: Span {
            start: 32,
            end: 33,
        },
    },
]
