---
source: parser/ast_tree_test.rs
expression: let_ast
---
{
  "Program": {
    "body": [
      {
        "type": "Expr",
        "LITERAL": {
          "type": "Array",
          "elements": [
            {
              "LITERAL": {
                "type": "Integer",
                "raw": 1,
                "span": {
                  "start": 1,
                  "end": 2
                }
              }
            },
            {
              "LITERAL": {
                "type": "Boolean",
                "raw": true,
                "span": {
                  "start": 4,
                  "end": 8
                }
              }
            }
          ],
          "span": {
            "start": 0,
            "end": 9
          }
        }
      }
    ]
  }
}
